1 - Erro de validação
2 - Erro de autorização